
C:\Users\user\Downloads\VerzekAutoTrader>ssh root@80.240.29.142
root@80.240.29.142's password:
Welcome to Ubuntu 22.04.5 LTS (GNU/Linux 5.15.0-153-generic x86_64)

 * Documentation:  https://help.ubuntu.com
 * Management:     https://landscape.canonical.com
 * Support:        https://ubuntu.com/pro

 System information as of Fri Oct 31 05:22:23 PM UTC 2025

  System load:  0.16               Processes:               156
  Usage of /:   40.2% of 22.88GB   Users logged in:         1
  Memory usage: 27%                IPv4 address for enp1s0: 80.240.29.142
  Swap usage:   2%

 * Strictly confined Kubernetes makes edge and IoT secure. Learn how MicroK8s
   just raised the bar for easy, resilient and secure K8s cluster deployment.

   https://ubuntu.com/engage/secure-kubernetes-at-the-edge

Expanded Security Maintenance for Applications is not enabled.

9 updates can be applied immediately.
To see these additional updates run: apt list --upgradable

Enable ESM Apps to receive additional future security updates.
See https://ubuntu.com/esm or run: sudo pro status

New release '24.04.3 LTS' available.
Run 'do-release-upgrade' to upgrade to it.


*** System restart required ***
Last login: Fri Oct 31 17:01:59 2025 from 102.89.33.12
root@vultr:~# nohup python3 api_server.py > flask.log 2>&1 &
[1] 81095
root@vultr:~# tail -50 flask.log
nohup: ignoring input
Traceback (most recent call last):
  File "/root/api_server.py", line 10, in <module>
    from trade_executor import get_all_trades
  File "/root/trade_executor.py", line 27, in <module>
    config = load_config()
  File "/root/trade_executor.py", line 23, in load_config
    raise FileNotFoundError("⚠️ config/config.json missing.")
FileNotFoundError: ⚠️ config/config.json missing.
[1]+  Exit 1                  nohup python3 api_server.py > flask.log 2>&1
root@vultr:~# tail -50 flask.log
nohup: ignoring input
Traceback (most recent call last):
  File "/root/api_server.py", line 10, in <module>
    from trade_executor import get_all_trades
  File "/root/trade_executor.py", line 27, in <module>
    config = load_config()
  File "/root/trade_executor.py", line 23, in load_config
    raise FileNotFoundError("⚠️ config/config.json missing.")
FileNotFoundError: ⚠️ config/config.json missing.
root@vultr:~# exit
logout
Connection to 80.240.29.142 closed.

C:\Users\user\Downloads\VerzekAutoTrader>scp -r config root@80.240.29.142:/root/
root@80.240.29.142's password:
config.json                                                                           100%  868     5.0KB/s   00:00

C:\Users\user\Downloads\VerzekAutoTrader>ssh root@80.240.29.142
root@80.240.29.142's password:
Welcome to Ubuntu 22.04.5 LTS (GNU/Linux 5.15.0-153-generic x86_64)

 * Documentation:  https://help.ubuntu.com
 * Management:     https://landscape.canonical.com
 * Support:        https://ubuntu.com/pro

 System information as of Fri Oct 31 05:28:39 PM UTC 2025

  System load:  0.0                Processes:               155
  Usage of /:   40.2% of 22.88GB   Users logged in:         1
  Memory usage: 27%                IPv4 address for enp1s0: 80.240.29.142
  Swap usage:   2%

 * Strictly confined Kubernetes makes edge and IoT secure. Learn how MicroK8s
   just raised the bar for easy, resilient and secure K8s cluster deployment.

   https://ubuntu.com/engage/secure-kubernetes-at-the-edge

Expanded Security Maintenance for Applications is not enabled.

9 updates can be applied immediately.
To see these additional updates run: apt list --upgradable

Enable ESM Apps to receive additional future security updates.
See https://ubuntu.com/esm or run: sudo pro status

New release '24.04.3 LTS' available.
Run 'do-release-upgrade' to upgrade to it.


*** System restart required ***
Last login: Fri Oct 31 17:23:01 2025 from 102.89.33.12
root@vultr:~# nohup python3 api_server.py > flask.log 2>&1 &
[1] 81297
root@vultr:~# tail -50 flask.log
nohup: ignoring input
Traceback (most recent call last):
  File "/root/api_server.py", line 11, in <module>
    from modules import UserManager, PositionTracker, SafetyManager
  File "/root/modules/__init__.py", line 9, in <module>
    from .dca_orchestrator import DCAOrchestrator
  File "/root/modules/dca_orchestrator.py", line 11, in <module>
    from exchanges import ExchangeFactory
ModuleNotFoundError: No module named 'exchanges'
[1]+  Exit 1                  nohup python3 api_server.py > flask.log 2>&1
root@vultr:~#